# public-gate baseline (plan 0.92 S0): `public` re-export lines per module that predate
# the gate. Counts may only go DOWN; each is a re-export to remove or to justify (§2, S4).
Once/Adequacy/ArchCorrectness/ArithSimRiscV64.agda 1
Once/Adequacy/ArchCorrectness/ArithSimX86-32.agda 1
Once/Adequacy/ArchCorrectness/FlatCore/CompiledCorrespondence.agda 2
Once/Adequacy/ArchCorrectness/FlatCore/EventDispatch.agda 2
Once/Adequacy/ArchCorrectness/FlatCore/EventEngine.agda 5
Once/Adequacy/ArchCorrectness/FlatCore/FlatCorrespondence.agda 7
Once/Adequacy/ArchCorrectness/FlatCore/RunContext.agda 1
Once/Adequacy/ArchCorrectness/FlatCore/RunWF.agda 1
Once/Adequacy/ArchCorrectness/RiscV64/ConcFlatSim.agda 4
Once/Adequacy/ArchCorrectness/RiscV64/FlatComposition.agda 2
Once/Adequacy/ArchCorrectness/RiscV64/FlatCorrespondence.agda 1
Once/Adequacy/ArchCorrectness/RiscV64/FlatSimulation.agda 1
Once/Adequacy/ArchCorrectness/RiscV64/RegRoles.agda 1
Once/Adequacy/ArchCorrectness/RiscV64/ResourceBounds.agda 2
Once/Adequacy/ArchCorrectness/X86-32/ConcFlatSim.agda 5
Once/Adequacy/ArchCorrectness/X86-32/FlatComposition.agda 2
Once/Adequacy/ArchCorrectness/X86-32/FlatCorrespondence.agda 1
Once/Adequacy/ArchCorrectness/X86-32/FlatSimulation.agda 1
Once/Adequacy/ArchCorrectness/X86-32/RegRoles.agda 1
Once/Adequacy/ArchCorrectness/X86-32/ResourceBounds.agda 2
Once/Adequacy/ArchCorrectness/X86-32/RunContext.agda 1
Once/Adequacy/ArchCorrectness/X86-64/ConcFlatSim.agda 5
Once/Adequacy/ArchCorrectness/X86-64/FlatComposition.agda 2
Once/Adequacy/ArchCorrectness/X86-64/FlatCorrespondence.agda 1
Once/Adequacy/ArchCorrectness/X86-64/FlatSimulation.agda 1
Once/Adequacy/ArchCorrectness/X86-64/RegRoles.agda 1
Once/Adequacy/ArchCorrectness/X86-64/ResourceBounds.agda 2
Once/Adequacy/ArchCorrectness/X86-64/RunContext.agda 1
Once/Adequacy/CoherenceHet.agda 1
Once/Adequacy/CoherenceLaws.agda 1
Once/Adequacy/GradedRelation.agda 1
Once/Adequacy/MeaningBridge.agda 1
Once/Allocator/AbstractInstance.agda 1
Once/Allocator/Malloc.agda 1
Once/Allocator/Mempool.agda 2
Once/Allocator/Slab.agda 2
Once/Arith/Backend/RiscV64/MemPreserve.agda 1
Once/Arith/Backend/RiscV64/Preserve.agda 2
Once/Arith/Backend/RiscV64/RunTrace.agda 1
Once/Arith/Backend/RiscV64/StatePreserve.agda 1
Once/Arith/Backend/X86-32/RunTrace.agda 1
Once/Arith/Backend/X86-64/MemPreserve.agda 1
Once/Arith/Backend/X86-64/Preserve.agda 1
Once/Arith/Backend/X86-64/RunTrace.agda 1
Once/Arith/Backend/X86-64/StatePreserve.agda 1
Once/CCC/Codegen/IRObsCorrect/Interface.agda 17
Once/CCC/Codegen/IRObsCorrect/Machine.agda 2
Once/CCC/Codegen/IRObsCorrect/Prelude.agda 45
Once/CCC/Codegen/IRObsCorrectFlat.agda 14
Once/CCC/Codegen/LabelSeg.agda 1
Once/CCC/Codegen/ShapeTable.agda 1
Once/CCC/Codegen/SlotSeg.agda 4
Once/CCC/Codegen/ThunkScope.agda 1
Once/CCC/FrameSemantics.agda 1
Once/CCC/Label.agda 1
Once/CCC/Machine/Allocation.agda 4
Once/CCC/Machine/ClosureWellFormed.agda 6
Once/CCC/Machine/Flat.agda 1
Once/CCC/Machine/FlatPtrBounds.agda 1
Once/CCC/Machine/FlatRegTagWF.agda 1
Once/CCC/Machine/FlatStackPtr.agda 1
Once/CCC/Machine/FlatStackSlot.agda 1
Once/CCC/Machine/FlatStoreWF.agda 1
Once/CCC/Machine/SMCore.agda 7
Once/CCC/Machine/SMPrimitives.agda 3
Once/CCC/Target/RiscV64/File.agda 1
Once/CCC/Target/RiscV64/Layout.agda 5
Once/CCC/Target/RiscV64/RuntimeParams.agda 1
Once/CCC/Target/X86-32/File.agda 1
Once/CCC/Target/X86-32/Layout.agda 5
Once/CCC/Target/X86-32/RuntimeParams.agda 1
Once/CCC/Target/X86-64/File.agda 1
Once/CCC/Target/X86-64/Layout.agda 3
Once/CCC/Target/X86-64/RuntimeParams.agda 1
Once/CanonicalName.agda 1
Once/Compile.agda 11
Once/Compiler.agda 1
Once/Denotation/Behavior.agda 1
Once/Denotation/DenotTrace.agda 2
Once/Denotation/GradedDomain.agda 1
Once/Denotation/Meaning.agda 1
Once/Denotation/Program.agda 2
Once/Denotation/SourceDenote.agda 1
Once/Denotation/Trace.agda 1
Once/Denotation/TraceMonad.agda 4
Once/Denotation/ValueDomain.agda 1
Once/Denotation/ValueDomainLaws.agda 1
Once/Float/Arith.agda 1
Once/Float/Decimal.agda 1
Once/Float/Dyadic.agda 2
Once/Grammar/ParserRelation.agda 1
Once/IR.agda 2
Once/Memory/HeapAddress.agda 2
Once/Memory/Memory.agda 1
Once/Memory/MemoryLayoutSemantics.agda 2
Once/Memory/Regions.agda 1
Once/Memory/RuntimeContract.agda 1
Once/Memory/StackSlots.agda 3
Once/Optimizer/Normal.agda 2
Once/Parser.agda 5
Once/Parser/Generic/PolyInst.agda 1
Once/Parser/Module.agda 6
Once/Parser/Module/Core.agda 20
Once/Parser/Module/FunDef.agda 4
Once/Semantics/Functor.agda 1
Once/Semantics/Functor/Laws.agda 1
Once/Semantics/Machine.agda 2
Once/Semantics/Machine/Laws.agda 1
Once/SigOp/Info.agda 1
Once/Spec/Contract.agda 2
Once/Spec/Core/Meaning.agda 1
Once/Spec/Core/PolyTy.agda 1
Once/Spec/Meaning.agda 7
Once/Spec/Parsing.agda 1
Once/Spec/Syntax.agda 1
Once/Spec/Type.agda 2
Once/Spec/Typing.agda 1
Once/Spike/RelSpike.agda 1
Once/Surface/Syntax.agda 1
Once/Target/Arch.agda 1
Once/Type.agda 1
Once/TypeCheck/Context.agda 1
Once/TypeCheck/Elaborate.agda 5
Once/TypeCheck/ElaborateProofs.agda 4
Once/Warnings.agda 1
