# public-gate baseline (plan 0.92 S0): `public` re-export lines per module that predate
# the gate. Counts may only go DOWN; each is a re-export to remove or to justify (§2, S4).
Once/Adequacy/ArchCorrectness/ArithSimRiscV64.agda 1
Once/Adequacy/ArchCorrectness/FlatCore/CompiledCorrespondence.agda 2
Once/Adequacy/ArchCorrectness/FlatCore/EventEngine.agda 3
Once/Adequacy/ArchCorrectness/FlatCore/FlatCorrespondence.agda 3
Once/Adequacy/ArchCorrectness/FlatCore/RunContext.agda 1
Once/Adequacy/ArchCorrectness/RiscV64/ConcFlatSim.agda 4
Once/Adequacy/ArchCorrectness/RiscV64/FlatComposition.agda 2
Once/Adequacy/ArchCorrectness/RiscV64/FlatCorrespondence.agda 1
Once/Adequacy/ArchCorrectness/RiscV64/FlatSimulation.agda 1
Once/Adequacy/ArchCorrectness/RiscV64/RegRoles.agda 1
Once/Adequacy/ArchCorrectness/X86-32/ConcFlatSim.agda 5
Once/Adequacy/ArchCorrectness/X86-32/FlatComposition.agda 2
Once/Adequacy/ArchCorrectness/X86-32/FlatCorrespondence.agda 1
Once/Adequacy/ArchCorrectness/X86-32/FlatSimulation.agda 1
Once/Adequacy/ArchCorrectness/X86-32/RegRoles.agda 1
Once/Adequacy/ArchCorrectness/X86-32/RunContext.agda 1
Once/Adequacy/ArchCorrectness/X86-64/ConcFlatSim.agda 5
Once/Adequacy/ArchCorrectness/X86-64/FlatComposition.agda 2
Once/Adequacy/ArchCorrectness/X86-64/FlatCorrespondence.agda 1
Once/Adequacy/ArchCorrectness/X86-64/FlatSimulation.agda 1
Once/Adequacy/ArchCorrectness/X86-64/RegRoles.agda 1
Once/Adequacy/ArchCorrectness/X86-64/RunContext.agda 1
Once/Allocator/AbstractInstance.agda 1
Once/Allocator/Malloc.agda 1
Once/Allocator/Mempool.agda 2
Once/Allocator/Slab.agda 2
Once/Arith/Backend/RiscV64/MemPreserve.agda 1
Once/Arith/Backend/RiscV64/Preserve.agda 1
Once/Arith/Backend/RiscV64/RunTrace.agda 1
Once/Arith/Backend/RiscV64/StatePreserve.agda 1
Once/Arith/Backend/X86-32/RunTrace.agda 1
Once/Arith/Backend/X86-64/MemPreserve.agda 1
Once/Arith/Backend/X86-64/Preserve.agda 1
Once/Arith/Backend/X86-64/RunTrace.agda 1
Once/Arith/Backend/X86-64/StatePreserve.agda 1
Once/CCC/Codegen/IRObsCorrect/Interface.agda 17
Once/CCC/Codegen/IRObsCorrect/Machine.agda 2
Once/CCC/Codegen/IRObsCorrect/Prelude.agda 31
Once/CCC/Codegen/IRObsCorrectFlat.agda 14
Once/CCC/Codegen/ThunkScope.agda 1
Once/CCC/Machine/Allocation.agda 2
Once/CCC/Machine/ClosureWellFormed.agda 6
Once/CCC/Machine/Flat.agda 1
Once/CCC/Machine/SMCore.agda 3
Once/CCC/Machine/SMPrimitives.agda 2
Once/CCC/Target/RiscV64/Layout.agda 3
Once/CCC/Target/X86-32/Layout.agda 3
Once/CCC/Target/X86-64/Layout.agda 3
Once/Compile.agda 3
Once/Compiler.agda 1
Once/Denotation/Trace.agda 1
Once/Denotation/ValueDomain.agda 1
Once/Float/Dyadic.agda 1
Once/Memory/HeapAddress.agda 2
Once/Memory/Memory.agda 1
Once/Memory/MemoryLayoutSemantics.agda 1
Once/Memory/Regions.agda 1
Once/Memory/StackSlots.agda 3
Once/Optimizer/Normal.agda 2
Once/Parser/Generic/PolyInst.agda 1
Once/Parser/Module.agda 3
Once/Parser/Module/Core.agda 3
Once/Semantics/Machine.agda 2
Once/Semantics/Machine/Laws.agda 1
Once/Spec/Contract.agda 2
Once/Spec/Core/Meaning.agda 1
Once/Spec/Meaning.agda 7
Once/Spec/Parsing.agda 1
Once/Spec/Syntax.agda 1
Once/Spec/Type.agda 2
Once/Spec/Typing.agda 1
Once/Spike/RelSpike.agda 1
Once/Surface/Syntax.agda 1
Once/Type.agda 1
Once/TypeCheck/ElaborateProofs.agda 1
