# warning-gate baseline (plan 0.109 S0): warnings per (module, warning) that predate the gate.
# Counts may only go DOWN; S5 deletes this file and turns on `-W error`.
Once/Adequacy/ArchCorrectness/ArithSimCore.agda CoverageNoExactSplit 2
Once/Adequacy/ArchCorrectness/ArithSimRiscV64.agda UnreachableClauses 2
Once/Adequacy/ArchCorrectness/ArithSimX86-32.agda UnreachableClauses 1
Once/Adequacy/ArchCorrectness/FlatCore/CompiledCorrespondence.agda UserWarning 1
Once/Adequacy/ArchCorrectness/FlatCore/FlatCorrespondence.agda UserWarning 20
Once/Adequacy/ArchCorrectness/FlatFromObs.agda ModuleDoesntExport 1
Once/Adequacy/ArchCorrectness/RiscV64/FlatSimulation.agda UserWarning 1
Once/Adequacy/ArchCorrectness/X86-32.agda ModuleDoesntExport 1
Once/Adequacy/ArchCorrectness/X86-32/FlatSimulation.agda UserWarning 6
Once/Adequacy/ArchCorrectness/X86-64.agda ModuleDoesntExport 1
Once/Adequacy/ArchCorrectness/X86-64/FlatSimulation.agda UserWarning 6
Once/Adequacy/CanonResolve.agda CoverageNoExactSplit 1
Once/Adequacy/Compile.agda ModuleDoesntExport 1
Once/Adequacy/CoreBridge.agda ModuleDoesntExport 1
Once/Adequacy/CoreMeaningBridge.agda ModuleDoesntExport 2
Once/Adequacy/ElabCommute.agda ModuleDoesntExport 1
Once/Adequacy/FlatEvents.agda CoverageNoExactSplit 2
Once/Adequacy/OutErased.agda ModuleDoesntExport 1
Once/Adequacy/ResolveBridge.agda CoverageNoExactSplit 1
Once/Adequacy/TeleWalk.agda CoverageNoExactSplit 1
Once/Arith/Backend/CallAnswer.agda CoverageNoExactSplit 1
Once/Arith/Backend/MemEffectCore.agda CoverageNoExactSplit 1
Once/Arith/Backend/MemPreserveCore.agda UserWarning 1
Once/Arith/Backend/RiscV64/Dispatch.agda CoverageNoExactSplit 1
Once/Arith/Backend/RiscV64/Emit.agda CoverageNoExactSplit 2
Once/Arith/Backend/RiscV64/ExecArith.agda CoverageNoExactSplit 1
Once/Arith/Backend/RiscV64/RunTrace.agda CoverageNoExactSplit 1
Once/Arith/Backend/X86-32/Emit.agda CoverageNoExactSplit 2
Once/Arith/Backend/X86-32/ExecArith.agda CoverageNoExactSplit 1
Once/Arith/Backend/X86-32/RunTrace.agda CoverageNoExactSplit 1
Once/Arith/Backend/X86-64/Dispatch.agda CoverageNoExactSplit 1
Once/Arith/Backend/X86-64/Emit.agda CoverageNoExactSplit 2
Once/Arith/Backend/X86-64/ExecArith.agda CoverageNoExactSplit 1
Once/Arith/Backend/X86-64/RunTrace.agda CoverageNoExactSplit 1
Once/Arith/Backend/XInstr/CodeGen.agda CoverageNoExactSplit 17
Once/Arith/Machine/Compile.agda CoverageNoExactSplit 2
Once/Arith/Machine/Rewrite.agda CoverageNoExactSplit 3
Once/Arith/SigOp/Compare.agda CoverageNoExactSplit 1
Once/CCC/Codegen/CataIRSlotStable.agda CoverageNoExactSplit 1
Once/CCC/Codegen/CataIRSlotStable.agda ModuleDoesntExport 1
Once/CCC/Codegen/IRObsCorrect/Interface.agda UselessPrivate 1
Once/CCC/Codegen/IRObsCorrect/Prelude.agda ModuleDoesntExport 1
Once/CCC/Codegen/IRObsCorrect/SigOp.agda CoverageNoExactSplit 1
Once/CCC/Codegen/LabelScope.agda CoverageNoExactSplit 1
Once/CCC/Codegen/LabelScope.agda UserWarning 150
Once/CCC/Codegen/ShapeTable.agda CoverageNoExactSplit 24
Once/CCC/Codegen/SlotBudget.agda UserWarning 153
Once/CCC/Codegen/ThunkScope.agda UserWarning 15
Once/CCC/Label.agda CoverageNoExactSplit 1
Once/CCC/Machine/Flat.agda CoverageNoExactSplit 4
Once/CCC/Machine/Flat.agda RewritesNothing 6
Once/CCC/Machine/FlatLog.agda CoverageNoExactSplit 1
Once/CCC/Machine/NoNested.agda CoverageNoExactSplit 2
Once/CCC/Machine/ReadTypedAdequate.agda CoverageNoExactSplit 3
Once/CCC/Machine/SMCore.agda CoverageNoExactSplit 11
Once/CCC/Target/RiscV64/AbstractToRiscV.agda CoverageNoExactSplit 1
Once/CCC/Target/RiscV64/File.agda CoverageNoExactSplit 2
Once/CCC/Target/RiscV64/Semantics.agda CoverageNoExactSplit 1
Once/CCC/Target/X86-32/AbstractToX86-32.agda CoverageNoExactSplit 1
Once/CCC/Target/X86-32/File.agda CoverageNoExactSplit 2
Once/CCC/Target/X86-32/Semantics.agda CoverageNoExactSplit 1
Once/CCC/Target/X86-64/AbstractToX86.agda CoverageNoExactSplit 1
Once/CCC/Target/X86-64/File.agda CoverageNoExactSplit 2
Once/CCC/Target/X86-64/Semantics.agda CoverageNoExactSplit 2
Once/CanonicalName.agda CoverageNoExactSplit 2
Once/Compile.agda CoverageNoExactSplit 4
Once/Compile.agda UserWarning 1
Once/Denotation/Admissible.agda CoverageNoExactSplit 1
Once/Denotation/Realize.agda CoverageNoExactSplit 1
Once/Denotation/SourceDenote.agda CoverageNoExactSplit 1
Once/Extract/Names.agda CoverageNoExactSplit 2
Once/Functor/Decide.agda CoverageNoExactSplit 6
Once/Grammar/ConcreteDec.agda CoverageNoExactSplit 11
Once/Grammar/Convert.agda CoverageNoExactSplit 12
Once/Grammar/ModuleConvert.agda CoverageNoExactSplit 1
Once/Grammar/OpDeclBridge.agda CoverageNoExactSplit 1
Once/IR/Ref.agda CoverageNoExactSplit 1
Once/IRTy.agda CoverageNoExactSplit 5
Once/Parser.agda CoverageNoExactSplit 4
Once/Parser/Core.agda CoverageNoExactSplit 4
Once/Parser/Expr.agda CoverageNoExactSplit 4
Once/Parser/ExprRelation.agda CoverageNoExactSplit 4
Once/Parser/Generic/Parser.agda CoverageNoExactSplit 6
Once/Parser/Generic/PolyInst.agda CoverageNoExactSplit 1
Once/Parser/Generic/Relation.agda CoverageNoExactSplit 4
Once/Parser/Lexer.agda CoverageNoExactSplit 2
Once/Parser/Module.agda CoverageNoExactSplit 1
Once/Parser/Module/Core.agda CoverageNoExactSplit 1
Once/Parser/Module/DeclTail.agda CoverageNoExactSplit 2
Once/Parser/Module/FunDef/Body.agda CoverageNoExactSplit 1
Once/Parser/Module/FunDef/Params.agda CoverageNoExactSplit 1
Once/Parser/Module/Import.agda CoverageNoExactSplit 1
Once/Parser/Module/OpName.agda CoverageNoExactSplit 2
Once/Parser/Module/Resolve.agda CoverageNoExactSplit 8
Once/Parser/Type.agda CoverageNoExactSplit 5
Once/Parser/TypeRelation.agda CoverageNoExactSplit 4
Once/Spec.agda ModuleDoesntExport 1
Once/Spec/Contract.agda CoverageNoExactSplit 2
Once/Spec/Meaning.agda ModuleDoesntExport 1
Once/Surface/Elaborate.agda CoverageNoExactSplit 1
Once/Type.agda CoverageNoExactSplit 4
Once/Type/DecEq.agda CoverageNoExactSplit 3
Once/Type/Match.agda CoverageNoExactSplit 1
Once/Type/Rigid.agda CoverageNoExactSplit 1
Once/TypeCheck/Classify.agda UnreachableClauses 1
Once/TypeCheck/Completeness.agda CoverageNoExactSplit 1
Once/TypeCheck/Completeness.agda ModuleDoesntExport 1
Once/TypeCheck/Completeness/Rules.agda ModuleDoesntExport 1
Once/TypeCheck/Elaborate.agda CoverageNoExactSplit 23
Once/TypeCheck/Elaborate.agda UnreachableClauses 1
Once/TypeCheck/ElaborateProofs.agda RewritesNothing 1
Once/TypeCheck/ErrorProofs.agda ModuleDoesntExport 1
Once/TypeCheck/ErrorProofs.agda UnreachableClauses 1
Once/TypeCheck/ModeAgreement.agda CoverageNoExactSplit 4
Once/TypeCheck/ModeSub.agda CoverageNoExactSplit 1
Once/TypeCheck/Morph.agda CoverageNoExactSplit 7
Once/TypeCheck/Principal.agda CoverageNoExactSplit 18
Once/TypeCheck/RouteBuild.agda CoverageNoExactSplit 4
Once/TypeCheck/TargetView.agda CoverageNoExactSplit 11
Once/Warnings.agda CoverageNoExactSplit 1
Once/Word.agda CoverageNoExactSplit 1
